]0;~/Documents/Savvy/Training and Development/Reproducible Research Coursera/Week 2/RepData_PeerAssessment1[?1034hJoyvaleries-MBP:RepData_PeerAssessment1 joyoung$ ls
PA1_template.Rmd		activity.csv			instructions_fig
README.md			activity.zip
RepData_PeerAssessment1.Rproj	doc
]0;~/Documents/Savvy/Training and Development/Reproducible Research Coursera/Week 2/RepData_PeerAssessment1[?1034hJoyvaleries-MacBook-Pro:RepData_PeerAssessment1 joyoung$ git add-A -A
]0;~/Documents/Savvy/Training and Development/Reproducible Research Coursera/Week 2/RepData_PeerAssessment1Joyvaleries-MacBook-Pro:RepData_PeerAssessment1 joyoung$ git commit -""m"" ""[CP"u"s"h"i"n"g" "m"y" "a"s"s" [A[C[C[C[C[C[C[C[C[C[C[C[C[C[C[C[C[C[C[C[C[C[C[C[C[C[C[C[C[C[C[C[C[C[C[C[C[C[C[C[C[C[C[C[C[C[C[C[C[C[C[C[C[C[C[C[C[C[C[C[C[C[C[C[C[C[C[C[C[C[C[C[C[C[C[C[C[C[C[C[C[C[C[C[C[Ci""g"n"m"e"t"n"[1P"[1P"n"t"
[master 2e7ccae] Pushing my assignment
 38 files changed, 18970 insertions(+)
 create mode 100644 .Rhistory
 create mode 100644 .Rproj.user/F08C4F12/console06/5956794
 create mode 100644 .Rproj.user/F08C4F12/console06/5956794.env
 create mode 100644 .Rproj.user/F08C4F12/console06/INDEX001
 create mode 100644 .Rproj.user/F08C4F12/pcs/files-pane.pper
 create mode 100644 .Rproj.user/F08C4F12/pcs/source-pane.pper
 create mode 100644 .Rproj.user/F08C4F12/pcs/windowlayoutstate.pper
 create mode 100644 .Rproj.user/F08C4F12/pcs/workbench-pane.pper
 create mode 100644 .Rproj.user/F08C4F12/rmd-outputs
 create mode 100644 .Rproj.user/F08C4F12/saved_source_markers
 create mode 100644 .Rproj.user/F08C4F12/sources/prop/241DAC74
 create mode 100644 .Rproj.user/F08C4F12/sources/prop/E1D5F662
 create mode 100644 .Rproj.user/F08C4F12/sources/prop/INDEX
 create mode 100644 .Rproj.user/F08C4F12/sources/s-5B2074F1/3F3C207B-contents
 create mode 100644 .Rproj.user/F08C4F12/sources/s-5B2074F1/74C809A3
 create mode 100644 .Rproj.user/F08C4F12/sources/s-5B2074F1/74C809A3-contents
 create mode 100644 .Rproj.user/F08C4F12/sources/s-5B2074F1/9A6834B5-contents
 create mode 100644 .Rproj.user/F08C4F12/sources/s-5B2074F1/DC593B94-contents
 create mode 100644 .Rproj.user/F08C4F12/sources/s-5B2074F1/F213763-contents
 create mode 100644 .Rproj.user/F08C4F12/sources/s-5B2074F1/lock_file
 create mode 100644 .Rproj.user/shared/notebooks/175C03F6-PA1_template/1/F08C4F125B2074F1/chunks.json
 create mode 100644 .Rproj.user/shared/notebooks/175C03F6-PA1_template/1/s/c1xtu0lvqufnf/000002.csv
 create mode 100644 .Rproj.user/shared/notebooks/175C03F6-PA1_template/1/s/c1xtu0lvqufnf/000003.error
 create mode 100644 .Rproj.user/shared/notebooks/175C03F6-PA1_template/1/s/chunks.json
 create mode 100644 .Rproj.user/shared/notebooks/8FDE1AAA-TSA_R/1/s/chunks.json
 create mode 100644 .Rproj.user/shared/notebooks/patch-chunk-names
 create mode 100644 .Rproj.user/shared/notebooks/paths
 create mode 100644 PA1_template.html
 create mode 100644 PA1_template.md
 create mode 100644 PA1_template_files/figure-html/unnamed-chunk-2-1.png
 create mode 100644 PA1_template_files/figure-html/unnamed-chunk-2-2.png
 create mode 100644 PA1_template_files/figure-html/unnamed-chunk-3-1.png
 create mode 100644 PA1_template_files/figure-html/unnamed-chunk-5-1.png
 create mode 100644 PA1_template_files/figure-html/unnamed-chunk-5-2.png
 create mode 100644 PA1_template_files/figure-html/unnamed-chunk-6-1.png
 create mode 100644 RepData_PeerAssessment1.Rproj
 create mode 100644 activity.csv
]0;~/Documents/Savvy/Training and Development/Reproducible Research Coursera/Week 2/RepData_PeerAssessment1Joyvaleries-MacBook-Pro:RepData_PeerAssessment1 joyoung$ git push
fatal: unable to access 'https://github.com/jvalmonde/RepData_PeerAssessment1.git/': Could not resolve host: github.com
]0;~/Documents/Savvy/Training and Development/Reproducible Research Coursera/Week 2/RepData_PeerAssessment1Joyvaleries-MacBook-Pro:RepData_PeerAssessment1 joyoung$ ls
PA1_template.Rmd		RepData_PeerAssessment1.Rproj
PA1_template.html		activity.csv
PA1_template.md			activity.zip
PA1_template_files		doc
README.md			instructions_fig
]0;~/Documents/Savvy/Training and Development/Reproducible Research Coursera/Week 2/RepData_PeerAssessment1Joyvaleries-MacBook-Pro:RepData_PeerAssessment1 joyoung$ lsgit pushcommit -m "Pushing my assiggnment"[A[C[C[C[C[C[C[C[C[C[C[C[C[C[C[C[C[C[C[C[C[C[C[C[C[C[C[C[C[C[C[C[C[C[C[C[C[C[C[C[C[C[C[C[C[C[C[C[C[C[C[C[C[C[Cadd -A[K
[K[A[C[C[C[C[C[C[C[C[C[C[C[C[C[C[C[C[C[C[C[C[C[C[C[C[C[C[C[C[C[C[C[C[C[C[C[C[C[C[C[C[C[C[C[C[C[C[C[C[C[C[C[C[C[C[C[C[C[C[C[C[C[C[C[C[C[C[C
]0;~/Documents/Savvy/Training and Development/Reproducible Research Coursera/Week 2/RepData_PeerAssessment1Joyvaleries-MacBook-Pro:RepData_PeerAssessment1 joyoung$ git add -Als[Kgit pushcommit -m "Pushing my assiggnment"
[master 266bd27] Pushing my assignment
 2 files changed, 53 insertions(+), 3 deletions(-)
]0;~/Documents/Savvy/Training and Development/Reproducible Research Coursera/Week 2/RepData_PeerAssessment1Joyvaleries-MacBook-Pro:RepData_PeerAssessment1 joyoung$ git commit -m "Pushing my assiggnment"[A[C[C[C[C[C[C[C[C[C[C[C[C[C[C[C[C[C[C[C[C[C[C[C[C[C[C[C[C[C[C[C[C[C[C[C[C[C[C[C[C[C[C[C[C[C[C[C[C[C[C[C[C[C[Cadd -A[K
[K[A[C[C[C[C[C[C[C[C[C[C[C[C[C[C[C[C[C[C[C[C[C[C[C[C[C[C[C[C[C[C[C[C[C[C[C[C[C[C[C[C[C[C[C[C[C[C[C[C[C[C[C[C[C[C[C[C[C[C[C[C[C[C[C[C[C[C[Cls[Kgit push
error: cannot run rpostback-askpass: No such file or directory
Username for 'https://github.com': jvalmonde
error: cannot run rpostback-askpass: No such file or directory
Password for 'https://jvalmonde@github.com': 
Counting objects: 59, done.
Delta compression using up to 4 threads.
Compressing objects:   2% (1/49)   Compressing objects:   4% (2/49)   Compressing objects:   6% (3/49)   Compressing objects:   8% (4/49)   Compressing objects:  10% (5/49)   Compressing objects:  12% (6/49)   Compressing objects:  14% (7/49)   Compressing objects:  16% (8/49)   Compressing objects:  18% (9/49)   Compressing objects:  20% (10/49)   Compressing objects:  22% (11/49)   Compressing objects:  24% (12/49)   Compressing objects:  26% (13/49)   Compressing objects:  28% (14/49)   Compressing objects:  30% (15/49)   Compressing objects:  32% (16/49)   Compressing objects:  34% (17/49)   Compressing objects:  36% (18/49)   Compressing objects:  38% (19/49)   Compressing objects:  40% (20/49)   Compressing objects:  42% (21/49)   Compressing objects:  44% (22/49)   Compressing objects:  46% (23/49)   Compressing objects:  48% (24/49)   Compressing objects:  51% (25/49)   Compressing objects:  53% (26/49)   Compressing objects:  55% (27/49)   Compressing objects:  57% (28/49)   Compressing objects:  59% (29/49)   Compressing objects:  61% (30/49)   Compressing objects:  63% (31/49)   Compressing objects:  65% (32/49)   Compressing objects:  67% (33/49)   Compressing objects:  69% (34/49)   Compressing objects:  71% (35/49)   Compressing objects:  73% (36/49)   Compressing objects:  75% (37/49)   Compressing objects:  77% (38/49)   Compressing objects:  79% (39/49)   Compressing objects:  81% (40/49)   Compressing objects:  83% (41/49)   Compressing objects:  85% (42/49)   Compressing objects:  87% (43/49)   Compressing objects:  89% (44/49)   Compressing objects:  91% (45/49)   Compressing objects:  93% (46/49)   Compressing objects:  95% (47/49)   Compressing objects:  97% (48/49)   Compressing objects: 100% (49/49)   Compressing objects: 100% (49/49), done.
Writing objects:   1% (1/59)   Writing objects:   3% (2/59)   Writing objects:   5% (3/59)   Writing objects:   6% (4/59)   Writing objects:   8% (5/59)   Writing objects:  10% (6/59)   Writing objects:  11% (7/59)   Writing objects:  13% (8/59)   Writing objects:  15% (9/59)   Writing objects:  16% (10/59)   Writing objects:  18% (11/59)   Writing objects:  20% (12/59)   Writing objects:  22% (13/59)   Writing objects:  23% (14/59)   Writing objects:  25% (15/59)   Writing objects:  27% (16/59)   Writing objects:  28% (17/59)   Writing objects:  30% (18/59)   Writing objects:  32% (19/59)   Writing objects:  33% (20/59)   Writing objects:  35% (21/59)   Writing objects:  37% (22/59)   Writing objects:  38% (23/59)   Writing objects:  40% (24/59)   Writing objects:  42% (25/59)   Writing objects:  44% (26/59)   Writing objects:  45% (27/59)   Writing objects:  47% (28/59)   Writing objects:  49% (29/59)   Writing objects:  50% (30/59)   Writing objects:  52% (31/59)   Writing objects:  54% (32/59)   Writing objects:  55% (33/59)   Writing objects:  57% (34/59)   Writing objects:  59% (35/59)   Writing objects:  61% (36/59)   Writing objects:  62% (37/59)   Writing objects:  64% (38/59)   Writing objects:  66% (39/59)   Writing objects:  67% (40/59)   Writing objects:  69% (41/59)   Writing objects:  71% (42/59)   Writing objects:  72% (43/59)   Writing objects:  74% (44/59)   Writing objects:  76% (45/59)   Writing objects:  77% (46/59)   Writing objects:  79% (47/59)   Writing objects:  81% (48/59)   Writing objects:  83% (49/59)   Writing objects:  84% (50/59)   Writing objects:  86% (51/59)   Writing objects:  88% (52/59)   Writing objects:  89% (53/59)   Writing objects:  91% (54/59)   Writing objects:  93% (55/59)   Writing objects:  94% (56/59)   Writing objects:  96% (57/59)   Writing objects:  98% (58/59)   Writing objects: 100% (59/59)   Writing objects: 100% (59/59), 526.28 KiB | 0 bytes/s, done.
Total 59 (delta 5), reused 0 (delta 0)
remote: Resolving deltas:   0% (0/5)   [Kremote: Resolving deltas:  20% (1/5)   [Kremote: Resolving deltas:  40% (2/5)   [Kremote: Resolving deltas:  60% (3/5)   [Kremote: Resolving deltas: 100% (5/5)   [Kremote: Resolving deltas: 100% (5/5), done.[K
To https://github.com/jvalmonde/RepData_PeerAssessment1.git
   80edf39..266bd27  master -> master
]0;~/Documents/Savvy/Training and Development/Reproducible Research Coursera/Week 2/RepData_PeerAssessment1Joyvaleries-MacBook-Pro:RepData_PeerAssessment1 joyoung$ git pushcommit -m "Pushing my assiggnment"[A[C[C[C[C[C[C[C[C[C[C[C[C[C[C[C[C[C[C[C[C[C[C[C[C[C[C[C[C[C[C[C[C[C[C[C[C[C[C[C[C[C[C[C[C[C[C[C[C[C[C[C[C[C[Cadd -A[K
[K[A[C[C[C[C[C[C[C[C[C[C[C[C[C[C[C[C[C[C[C[C[C[C[C[C[C[C[C[C[C[C[C[C[C[C[C[C[C[C[C[C[C[C[C[C[C[C[C[C[C[C[C[C[C[C[C[C[C[C[C[C[C[C[C[C[C[C[C